// Jest Snapshot v1, https://goo.gl/fbAQLP

exports[`<Input> 1`] = `
<View>
  <TextInput
    allowFontScaling={true}
    onChangeText={[Function]}
    placeholder="test"
    placeholderTextColor="#d3d3d3"
    rejectResponderTermination={true}
    style={
      Object {
        "borderColor": "#d3d3d3",
        "borderRadius": 10,
        "borderWidth": 2,
        "fontFamily": "sans-serif",
        "fontSize": 18.857142857142858,
        "marginBottom": 15.714285714285714,
      }
    }
    underlineColorAndroid="transparent"
    value=""
  />
</View>
`;

exports[`<LabelWithText> 1`] = `
<View
  style={
    Object {
      "margin": 7.857142857142857,
    }
  }
>
  <Text
    style={
      Object {
        "color": "#d3d3d3",
        "fontFamily": "sans-serif",
        "fontSize": 18.857142857142858,
      }
    }
  >
    test
  </Text>
  <Text
    style={
      Object {
        "color": "#4D4E4F",
        "fontFamily": "sans-serif",
        "fontSize": 22,
      }
    }
  >
    test
  </Text>
</View>
`;

exports[`<SimpleButton> 1`] = `
<View
  accessible={true}
  focusable={true}
  isTVSelectable={true}
  onClick={[Function]}
  onResponderGrant={[Function]}
  onResponderMove={[Function]}
  onResponderRelease={[Function]}
  onResponderTerminate={[Function]}
  onResponderTerminationRequest={[Function]}
  onStartShouldSetResponder={[Function]}
  style={
    Object {
      "alignItem": "center",
      "backgroundColor": "#0080FF",
      "borderRadius": 10,
      "flexDirection": "row",
      "justifyContent": "center",
      "opacity": 1,
      "padding": 15.714285714285714,
    }
  }
>
  <Text
    style={
      Array [
        Object {
          "color": "#FFF",
          "fontFamily": "sans-serif",
          "fontSize": 22,
          "fontWeight": "bold",
        },
        undefined,
      ]
    }
  >
    Clique
  </Text>
</View>
`;

exports[`<Spinner> 1`] = `
<View
  style={
    Object {
      "alignItems": "center",
      "flex": 1,
      "justifyContent": "center",
      "margin": 3,
    }
  }
>
  <ActivityIndicator
    animating={true}
    color="#0080FF"
    hidesWhenStopped={true}
    size="large"
  />
</View>
`;
